
There are no discarded input sections

Memory Configuration

Name             Origin             Length             Attributes
flash            0x08000000         0x00080000         xr
sram             0x20000000         0x00018000         xrw
*default*        0x00000000         0xffffffff

Linker script and memory map

LOAD examples/GPIO_led_blink.o
LOAD drivers/gpio/gpio.o
LOAD drivers/i2c/i2c.o
LOAD drivers/uart/uart.o
LOAD drivers/spi/spi.o
LOAD drivers/pwm/pwm.o
LOAD drivers/exti/exti.o
LOAD drivers/rcc/rcc.o
LOAD drivers/generic/generic.o
LOAD drivers/generic/ringbuffer.o
LOAD drivers/systick/systick.o
LOAD startup/startup.o
LOAD /usr/lib/gcc/arm-none-eabi/14.2.1/thumb/v7e-m+fp/hard/libgcc.a
                0x20018000                        _estack = (ORIGIN (sram) + LENGTH (sram))

.vector_table   0x08000000      0x194
 *(.vector_table)
 .vector_table  0x08000000      0x194 startup/startup.o
                0x08000000                vector_table

.text           0x08000194     0x2190
 *(.text*)
 .text          0x08000194       0x58 examples/GPIO_led_blink.o
                0x08000194                main
 .text          0x080001ec      0x860 drivers/gpio/gpio.o
                0x080001ec                GPIO_init
                0x08000382                GPIO_deinit
                0x080003fc                GPIO_clock
                0x080004e0                GPIO_read_IDR_pin
                0x0800050a                GPIO_read_IDR_port
                0x08000524                GPIO_write_ODR_pin
                0x0800056e                GPIO_write_ODR_port
                0x0800058c                GPIO_toggle_ODR_pin
                0x080005b6                GPIO_irq_exti_setup
                0x08000698                GPIO_I2C_pins_enable
                0x080006f4                GPIO_USART2_TXRX_pins_enable
                0x08000758                GPIO_SPI_pins_enable
                0x080007c4                GPIOA_bus_clock_enable
                0x080007e4                GPIOB_bus_clock_enable
                0x08000804                GPIOC_bus_clock_enable
                0x08000824                GPIOD_bus_clock_enable
                0x08000844                GPIOE_bus_clock_enable
                0x08000864                GPIOH_bus_clock_enable
                0x08000884                GPIOA_bus_clock_disable
                0x080008a4                GPIOB_bus_clock_disable
                0x080008c4                GPIOC_bus_clock_disable
                0x080008e4                GPIOD_bus_clock_disable
                0x08000904                GPIOE_bus_clock_disable
                0x08000924                GPIOH_bus_clock_disable
                0x08000944                GPIOA_reg_reset
                0x08000970                GPIOB_reg_reset
                0x0800099c                GPIOC_reg_reset
                0x080009c8                GPIOD_reg_reset
                0x080009f4                GPIOE_reg_reset
                0x08000a20                GPIOH_reg_reset
 .text          0x08000a4c      0x25c drivers/i2c/i2c.o
                0x08000a4c                I2C_init
                0x08000b3c                I2C_deinit
                0x08000b50                I2C_transmit
                0x08000bee                I2C_receive
 .text          0x08000ca8      0x258 drivers/uart/uart.o
                0x08000ca8                USART2_config
                0x08000dfc                USART2_config_interrupt
                0x08000e10                USART2_transmit_char
                0x08000e40                USART2_transmit_char_IT
                0x08000e56                USART2_transmit_string
                0x08000e80                USART2_receive_char_IT
                0x08000e90                USART2_receive_char
                0x08000eb8                _write
 .text          0x08000f00      0x284 drivers/spi/spi.o
                0x08000f00                SPI_init
                0x08001048                SPI_deinit
                0x08001090                SPI1_enable_interrupt
                0x080010bc                SPI_transmit
                0x0800112c                SPI_receive
 .text          0x08001184      0x12c drivers/pwm/pwm.o
                0x08001184                TIM2_TIM5_init
                0x08001264                TIM_delay
 .text          0x080012b0      0x188 drivers/exti/exti.o
                0x080012b0                irq_set_priority
                0x0800130c                irq_enable
                0x08001390                irq_disable
                0x0800140c                EXTI_clear_pending
 .text          0x08001438      0x8b4 drivers/rcc/rcc.o
                0x08001438                RCC_HSE_enable
                0x08001468                RCC_HSE_disable
                0x08001488                RCC_HSI_enable
                0x080014b8                RCC_HSI_disable
                0x080014d8                RCC_PLL_config
                0x0800159c                RCC_PLL_enable
                0x080015cc                RCC_PLL_disable
                0x080015ec                RCC_PWR_config
                0x0800161c                RCC_FLASH_config
                0x08001668                RCC_bus_prescaler_config
                0x080016d8                RCC_set_sysclock
                0x08001720                RCC_SysClock_Init
                0x08001758                RCC_get_AHB_clock_hz
                0x08001840                RCC_get_APB1_clock_hz
                0x080018a8                RCC_get_APB2_clock_hz
                0x08001910                RCC_Get_PLL_frequ
                0x080019c0                RCC_USART2_bus_clock_enable
                0x080019e0                RCC_SPI1_bus_clock_enable
                0x08001a00                RCC_SPI1_bus_clock_disable
                0x08001a20                RCC_I2C1_bus_clock_enable
                0x08001a40                RCC_I2C1_bus_clock_disable
                0x08001a60                RCC_I2C2_bus_clock_enable
                0x08001a80                RCC_I2C2_bus_clock_disable
                0x08001aa0                RCC_I2C3_bus_clock_enable
                0x08001ac0                RCC_I2C3_bus_clock_disable
                0x08001ae0                RCC_TIM2_bus_clock_enable
                0x08001b00                RCC_TIM2_bus_clock_disable
                0x08001b20                RCC_TIM3_bus_clock_enable
                0x08001b40                RCC_TIM3_bus_clock_disable
                0x08001b60                RCC_TIM4_bus_clock_enable
                0x08001b80                RCC_TIM4_bus_clock_disable
                0x08001ba0                RCC_TIM5_bus_clock_enable
                0x08001bc0                RCC_TIM5_bus_clock_disable
                0x08001be0                RCC_MCO1
                0x08001c68                RCC_MCO2
 .text          0x08001cec       0x20 drivers/generic/generic.o
                0x08001cec                SYSCFG_bus_clock_enable
 .text          0x08001d0c       0x50 drivers/generic/ringbuffer.o
                0x08001d0c                ringbuf_read
 .text          0x08001d5c       0x9c drivers/systick/systick.o
                0x08001d5c                SYSTICK_init
                0x08001dc8                SYSTICK_delay
 .text          0x08001df8      0x52c startup/startup.o
                0x08001df8                Reset_Handler
                0x08001e54                NMI_Handler
                0x08001e62                HardFault_Handler
                0x08001e70                MemManage_Handler
                0x08001e7e                BusFault_Handler
                0x08001e8c                UsageFault_Handler
                0x08001e9a                SVCall_Handler
                0x08001ea8                Debug_Monitor_Handler
                0x08001eb6                PendSV_Handler
                0x08001ec4                Systick_Handler
                0x08001ee0                WWDG_IRQ_Handler
                0x08001eee                EXTI16xPVD_IRQ_Handler
                0x08001efc                EXTI21xTAMP_STAMP_IRQ_Handler
                0x08001f0a                EXTI22xRTC_WKUP_IRQ_Handler
                0x08001f18                FLASH_IRQ_Handler
                0x08001f26                RCC_IRQ_Handler
                0x08001f34                EXTI0_IRQ_Handler
                0x08001f42                EXTI1_IRQ_Handler
                0x08001f50                EXTI2_IRQ_Handler
                0x08001f5e                EXTI3_IRQ_Handler
                0x08001f6c                EXTI4_IRQ_Handler
                0x08001f7a                DMA1_Stream0_IRQ_Handler
                0x08001f88                DMA1_Stream1_IRQ_Handler
                0x08001f96                DMA1_Stream2_IRQ_Handler
                0x08001fa4                DMA1_Stream3_IRQ_Handler
                0x08001fb2                DMA1_Stream4_IRQ_Handler
                0x08001fc0                DMA1_Stream5_IRQ_Handler
                0x08001fce                DMA1_Stream6_IRQ_Handler
                0x08001fdc                ADC_IRQ_Handler
                0x08001fea                EXTI9_5_IRQ_Handler
                0x08001ff8                TIM1_BRK_TIM9_IRQ_Handler
                0x08002006                TIM1_UP_TIM10_IRQ_Handler
                0x08002014                TIM1_TRG_COM_TIM11_IRQ_Handler
                0x08002022                TIM1_CC_IRQ_Handler
                0x08002030                TIM2_IRQ_Handler
                0x08002094                TIM3_IRQ_Handler
                0x080020f8                TIM4_IRQ_Handler
                0x08002106                I2C1_EV_IRQ_Handler
                0x08002114                I2C1_ER_IRQ_Handler
                0x08002122                I2C2_EV_IRQ_Handler
                0x08002130                I2C2_ER_IRQ_Handler
                0x0800213e                SPI1_IRQ_Handler
                0x08002154                SPI2_IRQ_Handler
                0x08002162                USART1_IRQ_Handler
                0x08002170                USART2_IRQ_Handler
                0x080021dc                EXTI15_10_IRQ_Handler
                0x0800220c                EXTI17xRTC_Alarm_IRQ_Handler
                0x0800221a                EXTI18xOTG_FS_WKUP_IRQ_Handler
                0x08002228                DMA1_Stream7_IRQ_Handler
                0x08002236                SDIO_IRQ_Handler
                0x08002244                TIM5_IRQ_Handler
                0x08002252                SPI3_IRQ_Handler
                0x08002260                DMA2_Stream0_IRQ_Handler
                0x0800226e                DMA2_Stream1_IRQ_Handler
                0x0800227c                DMA2_Stream2_IRQ_Handler
                0x0800228a                DMA2_Stream3_IRQ_Handler
                0x08002298                DMA2_Stream4_IRQ_Handler
                0x080022a6                OTG_FS_IRQ_Handler
                0x080022b4                DMA2_Stream5_IRQ_Handler
                0x080022c2                DMA2_Stream6_IRQ_Handler
                0x080022d0                DMA2_Stream7_IRQ_Handler
                0x080022de                USART6_IRQ_Handler
                0x080022ec                I2C3_EV_IRQ_Handler
                0x080022fa                I2C3_ER_IRQ_Handler
                0x08002308                FPU_IRQ_Handler
                0x08002316                SPI4_IRQ_Handler

.glue_7         0x08002324        0x0
 .glue_7        0x08002324        0x0 linker stubs

.glue_7t        0x08002324        0x0
 .glue_7t       0x08002324        0x0 linker stubs

.vfp11_veneer   0x08002324        0x0
 .vfp11_veneer  0x08002324        0x0 linker stubs

.v4_bx          0x08002324        0x0
 .v4_bx         0x08002324        0x0 linker stubs

.iplt           0x08002324        0x0
 .iplt          0x08002324        0x0 examples/GPIO_led_blink.o

.rodata         0x08002324       0x1c
 *(.rodata*)
 .rodata        0x08002324       0x18 drivers/gpio/gpio.o
                0x08002324                GPIOA_dbg
                0x08002328                GPIOB_dbg
                0x0800232c                GPIOC_dbg
                0x08002330                GPIOD_dbg
                0x08002334                GPIOE_dbg
                0x08002338                GPIOH_dbg
 .rodata        0x0800233c        0x4 drivers/rcc/rcc.o
                0x0800233c                RCC_dbg

.rel.dyn        0x08002340        0x0
 .rel.iplt      0x08002340        0x0 examples/GPIO_led_blink.o

.data           0x20000000       0x10 load address 0x08002340
                0x20000000                        _sdata = .
 *(.first_data)
 *(.data SORT_BY_NAME(.data.*))
 .data          0x20000000        0x0 examples/GPIO_led_blink.o
 .data          0x20000000        0x0 drivers/gpio/gpio.o
 .data          0x20000000        0x0 drivers/i2c/i2c.o
 .data          0x20000000        0x0 drivers/uart/uart.o
 .data          0x20000000        0x0 drivers/spi/spi.o
 .data          0x20000000        0x0 drivers/pwm/pwm.o
 .data          0x20000000        0x0 drivers/exti/exti.o
 .data          0x20000000        0x0 drivers/rcc/rcc.o
 .data          0x20000000        0x0 drivers/generic/generic.o
 .data          0x20000000        0x0 drivers/generic/ringbuffer.o
 .data          0x20000000        0x0 drivers/systick/systick.o
 .data          0x20000000       0x10 startup/startup.o
                0x20000000                rb
                0x20000010                        _edata = .
                0x08002340                        _sidata = LOADADDR (.data)

.igot.plt       0x20000010        0x0 load address 0x08002350
 .igot.plt      0x20000010        0x0 examples/GPIO_led_blink.o

.bss            0x20000010       0x90 load address 0x08002350
                0x20000010                        _sbss = .
 *(.bss SORT_BY_NAME(.bss.*) COMMON)
 .bss           0x20000010        0x0 examples/GPIO_led_blink.o
 .bss           0x20000010        0x0 drivers/gpio/gpio.o
 .bss           0x20000010        0x0 drivers/i2c/i2c.o
 .bss           0x20000010        0x0 drivers/uart/uart.o
 .bss           0x20000010        0x0 drivers/spi/spi.o
 .bss           0x20000010        0x0 drivers/pwm/pwm.o
 .bss           0x20000010        0x0 drivers/exti/exti.o
 .bss           0x20000010        0x0 drivers/rcc/rcc.o
 .bss           0x20000010        0x0 drivers/generic/generic.o
 .bss           0x20000010        0x0 drivers/generic/ringbuffer.o
 .bss           0x20000010        0x4 drivers/systick/systick.o
                0x20000010                SYST_ticks
 .bss           0x20000014       0x8c startup/startup.o
                0x20000014                rx_char
                0x20000018                rb_buf
                0x2000009c                newline
                0x200000a0                        _ebss = .
OUTPUT(build/example_gpio.elf elf32-littlearm)
LOAD linker stubs

.debug_info     0x00000000     0x2d13
 .debug_info    0x00000000      0x244 examples/GPIO_led_blink.o
 .debug_info    0x00000244      0x7f1 drivers/gpio/gpio.o
 .debug_info    0x00000a35      0x2e0 drivers/i2c/i2c.o
 .debug_info    0x00000d15      0x2de drivers/uart/uart.o
 .debug_info    0x00000ff3      0x2c4 drivers/spi/spi.o
 .debug_info    0x000012b7      0x2b7 drivers/pwm/pwm.o
 .debug_info    0x0000156e      0x1a1 drivers/exti/exti.o
 .debug_info    0x0000170f      0x85e drivers/rcc/rcc.o
 .debug_info    0x00001f6d      0x1f9 drivers/generic/generic.o
 .debug_info    0x00002166      0x11f drivers/generic/ringbuffer.o
 .debug_info    0x00002285      0x168 drivers/systick/systick.o
 .debug_info    0x000023ed      0x926 startup/startup.o

.debug_abbrev   0x00000000      0xe1c
 .debug_abbrev  0x00000000       0xd8 examples/GPIO_led_blink.o
 .debug_abbrev  0x000000d8      0x182 drivers/gpio/gpio.o
 .debug_abbrev  0x0000025a      0x121 drivers/i2c/i2c.o
 .debug_abbrev  0x0000037b      0x169 drivers/uart/uart.o
 .debug_abbrev  0x000004e4       0xf2 drivers/spi/spi.o
 .debug_abbrev  0x000005d6      0x11f drivers/pwm/pwm.o
 .debug_abbrev  0x000006f5       0xe1 drivers/exti/exti.o
 .debug_abbrev  0x000007d6      0x230 drivers/rcc/rcc.o
 .debug_abbrev  0x00000a06       0xa0 drivers/generic/generic.o
 .debug_abbrev  0x00000aa6       0xaa drivers/generic/ringbuffer.o
 .debug_abbrev  0x00000b50       0xfd drivers/systick/systick.o
 .debug_abbrev  0x00000c4d      0x1cf startup/startup.o

.debug_aranges  0x00000000      0x180
 .debug_aranges
                0x00000000       0x20 examples/GPIO_led_blink.o
 .debug_aranges
                0x00000020       0x20 drivers/gpio/gpio.o
 .debug_aranges
                0x00000040       0x20 drivers/i2c/i2c.o
 .debug_aranges
                0x00000060       0x20 drivers/uart/uart.o
 .debug_aranges
                0x00000080       0x20 drivers/spi/spi.o
 .debug_aranges
                0x000000a0       0x20 drivers/pwm/pwm.o
 .debug_aranges
                0x000000c0       0x20 drivers/exti/exti.o
 .debug_aranges
                0x000000e0       0x20 drivers/rcc/rcc.o
 .debug_aranges
                0x00000100       0x20 drivers/generic/generic.o
 .debug_aranges
                0x00000120       0x20 drivers/generic/ringbuffer.o
 .debug_aranges
                0x00000140       0x20 drivers/systick/systick.o
 .debug_aranges
                0x00000160       0x20 startup/startup.o

.debug_line     0x00000000     0x1b01
 .debug_line    0x00000000       0xd3 examples/GPIO_led_blink.o
 .debug_line    0x000000d3      0x542 drivers/gpio/gpio.o
 .debug_line    0x00000615      0x2a7 drivers/i2c/i2c.o
 .debug_line    0x000008bc      0x264 drivers/uart/uart.o
 .debug_line    0x00000b20      0x294 drivers/spi/spi.o
 .debug_line    0x00000db4      0x16d drivers/pwm/pwm.o
 .debug_line    0x00000f21      0x148 drivers/exti/exti.o
 .debug_line    0x00001069      0x506 drivers/rcc/rcc.o
 .debug_line    0x0000156f       0x9d drivers/generic/generic.o
 .debug_line    0x0000160c       0xdf drivers/generic/ringbuffer.o
 .debug_line    0x000016eb       0xdf drivers/systick/systick.o
 .debug_line    0x000017ca      0x337 startup/startup.o

.debug_str      0x00000000     0x13b5
 .debug_str     0x00000000     0x13b5 examples/GPIO_led_blink.o
                                0x1e3 (size before relaxing)
 .debug_str     0x000013b5      0x590 drivers/gpio/gpio.o
 .debug_str     0x000013b5      0x218 drivers/i2c/i2c.o
 .debug_str     0x000013b5      0x2ca drivers/uart/uart.o
 .debug_str     0x000013b5      0x222 drivers/spi/spi.o
 .debug_str     0x000013b5      0x28e drivers/pwm/pwm.o
 .debug_str     0x000013b5      0x1a5 drivers/exti/exti.o
 .debug_str     0x000013b5      0x635 drivers/rcc/rcc.o
 .debug_str     0x000013b5      0x22a drivers/generic/generic.o
 .debug_str     0x000013b5      0x148 drivers/generic/ringbuffer.o
 .debug_str     0x000013b5      0x182 drivers/systick/systick.o
 .debug_str     0x000013b5      0x7e4 startup/startup.o

.comment        0x00000000       0x26
 .comment       0x00000000       0x26 examples/GPIO_led_blink.o
                                 0x27 (size before relaxing)
 .comment       0x00000026       0x27 drivers/gpio/gpio.o
 .comment       0x00000026       0x27 drivers/i2c/i2c.o
 .comment       0x00000026       0x27 drivers/uart/uart.o
 .comment       0x00000026       0x27 drivers/spi/spi.o
 .comment       0x00000026       0x27 drivers/pwm/pwm.o
 .comment       0x00000026       0x27 drivers/exti/exti.o
 .comment       0x00000026       0x27 drivers/rcc/rcc.o
 .comment       0x00000026       0x27 drivers/generic/generic.o
 .comment       0x00000026       0x27 drivers/generic/ringbuffer.o
 .comment       0x00000026       0x27 drivers/systick/systick.o
 .comment       0x00000026       0x27 startup/startup.o

.ARM.attributes
                0x00000000       0x34
 .ARM.attributes
                0x00000000       0x34 examples/GPIO_led_blink.o
 .ARM.attributes
                0x00000034       0x34 drivers/gpio/gpio.o
 .ARM.attributes
                0x00000068       0x34 drivers/i2c/i2c.o
 .ARM.attributes
                0x0000009c       0x34 drivers/uart/uart.o
 .ARM.attributes
                0x000000d0       0x34 drivers/spi/spi.o
 .ARM.attributes
                0x00000104       0x34 drivers/pwm/pwm.o
 .ARM.attributes
                0x00000138       0x34 drivers/exti/exti.o
 .ARM.attributes
                0x0000016c       0x34 drivers/rcc/rcc.o
 .ARM.attributes
                0x000001a0       0x34 drivers/generic/generic.o
 .ARM.attributes
                0x000001d4       0x34 drivers/generic/ringbuffer.o
 .ARM.attributes
                0x00000208       0x34 drivers/systick/systick.o
 .ARM.attributes
                0x0000023c       0x34 startup/startup.o

.debug_frame    0x00000000     0x15d0
 .debug_frame   0x00000000       0x30 examples/GPIO_led_blink.o
 .debug_frame   0x00000030      0x41c drivers/gpio/gpio.o
 .debug_frame   0x0000044c       0xac drivers/i2c/i2c.o
 .debug_frame   0x000004f8      0x138 drivers/uart/uart.o
 .debug_frame   0x00000630       0xd0 drivers/spi/spi.o
 .debug_frame   0x00000700       0x5c drivers/pwm/pwm.o
 .debug_frame   0x0000075c       0xb0 drivers/exti/exti.o
 .debug_frame   0x0000080c      0x4a8 drivers/rcc/rcc.o
 .debug_frame   0x00000cb4       0x30 drivers/generic/generic.o
 .debug_frame   0x00000ce4       0x38 drivers/generic/ringbuffer.o
 .debug_frame   0x00000d1c       0x60 drivers/systick/systick.o
 .debug_frame   0x00000d7c      0x854 startup/startup.o
