
There are no discarded input sections

Memory Configuration

Name             Origin             Length             Attributes
flash            0x08000000         0x00080000         xr
sram             0x20000000         0x00018000         xrw
*default*        0x00000000         0xffffffff

Linker script and memory map

LOAD src/main.o
LOAD drivers/gpio/gpio.o
LOAD drivers/rcc/rcc.o
LOAD drivers/generic/generic.o
LOAD startup/startup.o
                0x20018000                        _estack = (ORIGIN (sram) + LENGTH (sram))

.vector_table   0x08000000      0x194
 *(.vector_table)
 .vector_table  0x08000000      0x194 src/main.o
                0x08000000                vector_table

.text           0x08000194     0x10b0
 *(.text*)
 .text          0x08000194      0x42c src/main.o
                0x08000194                main
                0x080001b2                Reset_Handler
                0x08000210                NMI_Handler
                0x0800021e                HardFault_Handler
                0x0800022c                MemManage_Handler
                0x0800023a                BusFault_Handler
                0x08000248                UsageFault_Handler
                0x08000256                SVCall_Handler
                0x08000264                Debug_Monitor_Handler
                0x08000272                PendSV_Handler
                0x08000280                Systick_Handler
                0x0800028e                WWDG_IRQ_Handler
                0x0800029c                EXTI16xPVD_IRQ_Handler
                0x080002aa                EXTI21xTAMP_STAMP_IRQ_Handler
                0x080002b8                EXTI22xRTC_WKUP_IRQ_Handler
                0x080002c6                FLASH_IRQ_Handler
                0x080002d4                RCC_IRQ_Handler
                0x080002e2                EXTI0_IRQ_Handler
                0x080002f0                EXTI1_IRQ_Handler
                0x080002fe                EXTI2_IRQ_Handler
                0x0800030c                EXTI3_IRQ_Handler
                0x0800031a                EXTI4_IRQ_Handler
                0x08000328                DMA1_Stream0_IRQ_Handler
                0x08000336                DMA1_Stream1_IRQ_Handler
                0x08000344                DMA1_Stream2_IRQ_Handler
                0x08000352                DMA1_Stream3_IRQ_Handler
                0x08000360                DMA1_Stream4_IRQ_Handler
                0x0800036e                DMA1_Stream5_IRQ_Handler
                0x0800037c                DMA1_Stream6_IRQ_Handler
                0x0800038a                ADC_IRQ_Handler
                0x08000398                EXTI9_5_IRQ_Handler
                0x080003a6                TIM1_BRK_TIM9_IRQ_Handler
                0x080003b4                TIM1_UP_TIM10_IRQ_Handler
                0x080003c2                TIM1_TRG_COM_TIM11_IRQ_Handler
                0x080003d0                TIM1_CC_IRQ_Handler
                0x080003de                TIM2_IRQ_Handler
                0x080003ec                TIM3_IRQ_Handler
                0x080003fa                TIM4_IRQ_Handler
                0x08000408                I2C1_EV_IRQ_Handler
                0x08000416                I2C1_ER_IRQ_Handler
                0x08000424                I2C2_EV_IRQ_Handler
                0x08000432                I2C2_ER_IRQ_Handler
                0x08000440                SPI1_IRQ_Handler
                0x0800044e                SPI2_IRQ_Handler
                0x0800045c                USART1_IRQ_Handler
                0x0800046a                USART2_IRQ_Handler
                0x08000478                EXTI15_10_IRQ_Handler
                0x080004a8                EXTI17xRTC_Alarm_IRQ_Handler
                0x080004b6                EXTI18xOTG_FS_WKUP_IRQ_Handler
                0x080004c4                DMA1_Stream7_IRQ_Handler
                0x080004d2                SDIO_IRQ_Handler
                0x080004e0                TIM5_IRQ_Handler
                0x080004ee                SPI3_IRQ_Handler
                0x080004fc                DMA2_Stream0_IRQ_Handler
                0x0800050a                DMA2_Stream1_IRQ_Handler
                0x08000518                DMA2_Stream2_IRQ_Handler
                0x08000526                DMA2_Stream3_IRQ_Handler
                0x08000534                DMA2_Stream4_IRQ_Handler
                0x08000542                OTG_FS_IRQ_Handler
                0x08000550                DMA2_Stream5_IRQ_Handler
                0x0800055e                DMA2_Stream6_IRQ_Handler
                0x0800056c                DMA2_Stream7_IRQ_Handler
                0x0800057a                USART6_IRQ_Handler
                0x08000588                I2C3_EV_IRQ_Handler
                0x08000596                I2C3_ER_IRQ_Handler
                0x080005a4                FPU_IRQ_Handler
                0x080005b2                SPI4_IRQ_Handler
 .text          0x080005c0      0x848 drivers/gpio/gpio.o
                0x080005c0                GPIO_init
                0x08000704                GPIO_deinit
                0x08000780                GPIO_clock
                0x08000864                GPIO_read_IDR_pin
                0x0800088e                GPIO_read_IDR_port
                0x080008a8                GPIO_write_ODR_pin
                0x080008f2                GPIO_write_ODR_port
                0x08000910                GPIO_toggle_ODR_pin
                0x0800093a                GPIO_irq_exti_setup
                0x08000a1c                GPIO_irq_set_priority
                0x08000a78                GPIO_irq_enable
                0x08000afc                GPIO_irq_disable
                0x08000b80                GPIOA_bus_clock_enable
                0x08000ba0                GPIOB_bus_clock_enable
                0x08000bc0                GPIOC_bus_clock_enable
                0x08000be0                GPIOD_bus_clock_enable
                0x08000c00                GPIOE_bus_clock_enable
                0x08000c20                GPIOH_bus_clock_enable
                0x08000c40                GPIOA_bus_clock_disable
                0x08000c60                GPIOB_bus_clock_disable
                0x08000c80                GPIOC_bus_clock_disable
                0x08000ca0                GPIOD_bus_clock_disable
                0x08000cc0                GPIOE_bus_clock_disable
                0x08000ce0                GPIOH_bus_clock_disable
                0x08000d00                GPIOA_reg_reset
                0x08000d2c                GPIOB_reg_reset
                0x08000d58                GPIOC_reg_reset
                0x08000d84                GPIOD_reg_reset
                0x08000db0                GPIOE_reg_reset
                0x08000ddc                GPIOH_reg_reset
 .text          0x08000e08      0x41c drivers/rcc/rcc.o
                0x08000e08                RCC_HSE_enable
                0x08000e38                RCC_HSE_disable
                0x08000e58                RCC_HSI_enable
                0x08000e88                RCC_HSI_disable
                0x08000ea8                RCC_PLL_config
                0x08000f5c                RCC_PLL_enable
                0x08000f8c                RCC_PLL_disable
                0x08000fac                RCC_PWR_config
                0x08000fdc                RCC_FLASH_config
                0x08001028                RCC_bus_prescaler_config
                0x08001098                RCC_set_sysclock
                0x080010e0                RCC_SysClock_Init
                0x08001118                RCC_MCO1
                0x080011a0                RCC_MCO2
 .text          0x08001224       0x20 drivers/generic/generic.o
                0x08001224                SYSCFG_bus_clock_enable
 .text          0x08001244        0x0 startup/startup.o

.glue_7         0x08001244        0x0
 .glue_7        0x08001244        0x0 linker stubs

.glue_7t        0x08001244        0x0
 .glue_7t       0x08001244        0x0 linker stubs

.vfp11_veneer   0x08001244        0x0
 .vfp11_veneer  0x08001244        0x0 linker stubs

.v4_bx          0x08001244        0x0
 .v4_bx         0x08001244        0x0 linker stubs

.iplt           0x08001244        0x0
 .iplt          0x08001244        0x0 src/main.o

.rodata         0x08001244       0x1c
 *(.rodata*)
 .rodata        0x08001244       0x18 drivers/gpio/gpio.o
                0x08001244                GPIOA_dbg
                0x08001248                GPIOB_dbg
                0x0800124c                GPIOC_dbg
                0x08001250                GPIOD_dbg
                0x08001254                GPIOE_dbg
                0x08001258                GPIOH_dbg
 .rodata        0x0800125c        0x4 drivers/rcc/rcc.o
                0x0800125c                RCC_dbg

.rel.dyn        0x08001260        0x0
 .rel.iplt      0x08001260        0x0 src/main.o

.data           0x20000000        0x0 load address 0x08001260
                0x20000000                        _sdata = .
 *(.first_data)
 *(.data SORT_BY_NAME(.data.*))
 .data          0x20000000        0x0 src/main.o
 .data          0x20000000        0x0 drivers/gpio/gpio.o
 .data          0x20000000        0x0 drivers/rcc/rcc.o
 .data          0x20000000        0x0 drivers/generic/generic.o
 .data          0x20000000        0x0 startup/startup.o
                0x20000000                        _edata = .
                0x08001260                        _sidata = LOADADDR (.data)

.igot.plt       0x20000000        0x0 load address 0x08001260
 .igot.plt      0x20000000        0x0 src/main.o

.bss            0x20000000        0x0 load address 0x08001260
                0x20000000                        _sbss = .
 *(.bss SORT_BY_NAME(.bss.*) COMMON)
 .bss           0x20000000        0x0 src/main.o
 .bss           0x20000000        0x0 drivers/gpio/gpio.o
 .bss           0x20000000        0x0 drivers/rcc/rcc.o
 .bss           0x20000000        0x0 drivers/generic/generic.o
 .bss           0x20000000        0x0 startup/startup.o
                0x20000000                        _ebss = .
OUTPUT(build/main.elf elf32-littlearm)
LOAD linker stubs

.debug_info     0x00000000     0x1672
 .debug_info    0x00000000      0x69d src/main.o
 .debug_info    0x0000069d      0x7e7 drivers/gpio/gpio.o
 .debug_info    0x00000e84      0x5f5 drivers/rcc/rcc.o
 .debug_info    0x00001479      0x1f9 drivers/generic/generic.o

.debug_abbrev   0x00000000      0x4d1
 .debug_abbrev  0x00000000      0x172 src/main.o
 .debug_abbrev  0x00000172      0x154 drivers/gpio/gpio.o
 .debug_abbrev  0x000002c6      0x16b drivers/rcc/rcc.o
 .debug_abbrev  0x00000431       0xa0 drivers/generic/generic.o

.debug_aranges  0x00000000       0x80
 .debug_aranges
                0x00000000       0x20 src/main.o
 .debug_aranges
                0x00000020       0x20 drivers/gpio/gpio.o
 .debug_aranges
                0x00000040       0x20 drivers/rcc/rcc.o
 .debug_aranges
                0x00000060       0x20 drivers/generic/generic.o

.debug_line     0x00000000      0xaf4
 .debug_line    0x00000000      0x285 src/main.o
 .debug_line    0x00000285      0x509 drivers/gpio/gpio.o
 .debug_line    0x0000078e      0x2c9 drivers/rcc/rcc.o
 .debug_line    0x00000a57       0x9d drivers/generic/generic.o
 .debug_line    0x00000af4        0x0 startup/startup.o

.debug_str      0x00000000      0xc77
 .debug_str     0x00000000      0xc77 src/main.o
                                0x73b (size before relaxing)
 .debug_str     0x00000c77      0x59a drivers/gpio/gpio.o
 .debug_str     0x00000c77      0x3e0 drivers/rcc/rcc.o
 .debug_str     0x00000c77      0x22a drivers/generic/generic.o
 .debug_str     0x00000c77       0x84 startup/startup.o

.comment        0x00000000       0x26
 .comment       0x00000000       0x26 src/main.o
                                 0x27 (size before relaxing)
 .comment       0x00000026       0x27 drivers/gpio/gpio.o
 .comment       0x00000026       0x27 drivers/rcc/rcc.o
 .comment       0x00000026       0x27 drivers/generic/generic.o
 .comment       0x00000026       0x27 startup/startup.o

.ARM.attributes
                0x00000000       0x34
 .ARM.attributes
                0x00000000       0x34 src/main.o
 .ARM.attributes
                0x00000034       0x34 drivers/gpio/gpio.o
 .ARM.attributes
                0x00000068       0x34 drivers/rcc/rcc.o
 .ARM.attributes
                0x0000009c       0x34 drivers/generic/generic.o
 .ARM.attributes
                0x000000d0       0x34 startup/startup.o

.debug_frame    0x00000000      0xeb8
 .debug_frame   0x00000000      0x868 src/main.o
 .debug_frame   0x00000868      0x428 drivers/gpio/gpio.o
 .debug_frame   0x00000c90      0x1f8 drivers/rcc/rcc.o
 .debug_frame   0x00000e88       0x30 drivers/generic/generic.o
